******************************************************************************
                  MSP430 Linker PC v20.2.0                     
******************************************************************************
>> Linked Fri Jul 31 16:24:23 2020

OUTPUT FILE NAME:   <lora_lib.out>
ENTRY POINT SYMBOL: "_c_int00_noargs"  address: 0000e3e0


MEMORY CONFIGURATION

         name            origin    length      used     unused   attr    fill
----------------------  --------  ---------  --------  --------  ----  --------
  SFR                   00000000   00000010  00000000  00000010  RWIX
  PERIPHERALS_8BIT      00000010   000000f0  00000000  000000f0  RWIX
  PERIPHERALS_16BIT     00000100   00000100  00000000  00000100  RWIX
  RAM                   00000200   00000200  000001d9  00000027  RWIX
  INFOD                 00001000   00000040  00000000  00000040  RWIX
  INFOC                 00001040   00000040  00000000  00000040  RWIX
  INFOB                 00001080   00000040  00000000  00000040  RWIX
  INFOA                 000010c0   00000040  00000000  00000040  RWIX
  FLASH                 0000c000   00003fde  000026b6  00001928  RWIX
  BSLSIGNATURE          0000ffde   00000002  00000002  00000000  RWIX  ffff 
  INT00                 0000ffe0   00000002  00000002  00000000  RWIX
  INT01                 0000ffe2   00000002  00000000  00000002  RWIX
  INT02                 0000ffe4   00000002  00000002  00000000  RWIX
  INT03                 0000ffe6   00000002  00000002  00000000  RWIX
  INT04                 0000ffe8   00000002  00000000  00000002  RWIX
  INT05                 0000ffea   00000002  00000002  00000000  RWIX
  INT06                 0000ffec   00000002  00000002  00000000  RWIX
  INT07                 0000ffee   00000002  00000002  00000000  RWIX
  INT08                 0000fff0   00000002  00000002  00000000  RWIX
  INT09                 0000fff2   00000002  00000002  00000000  RWIX
  INT10                 0000fff4   00000002  00000002  00000000  RWIX
  INT11                 0000fff6   00000002  00000002  00000000  RWIX
  INT12                 0000fff8   00000002  00000002  00000000  RWIX
  INT13                 0000fffa   00000002  00000002  00000000  RWIX
  INT14                 0000fffc   00000002  00000002  00000000  RWIX
  RESET                 0000fffe   00000002  00000002  00000000  RWIX


SECTION ALLOCATION MAP

 output                                  attributes/
section   page    origin      length       input sections
--------  ----  ----------  ----------   ----------------
.bss       0    00000200    00000186     UNINITIALIZED
                  00000200    00000100     sx1276.obj (.bss:RxTxBuffer)
                  00000300    00000056     (.common:sx1276)
                  00000356    00000020     (.common:buffer)
                  00000376    0000000e     main.obj (.bss:radio_events)
                  00000384    00000002     sx1276.obj (.bss)

.data      0    00000386    00000003     UNINITIALIZED
                  00000386    00000002     main.obj (.data)
                  00000388    00000001     spi.obj (.data)

.stack     0    000003b0    00000050     UNINITIALIZED
                  000003b0    00000002     rts430_eabi.lib : boot.c.obj (.stack)
                  000003b2    0000004e     --HOLE--

.text      0    0000c000    0000254c     
                  0000c000    00000478     rts430_eabi.lib : frcdivd.c.obj (.text:__TI_frcdivd)
                  0000c478    00000448     sx1276.obj (.text:sx1276_set_txconfig)
                  0000c8c0    000003d8     sx1276.obj (.text:sx1276_set_rxconfig)
                  0000cc98    000002e4     sx1276.obj (.text:sx1276_on_dio0irq)
                  0000cf7c    00000286     rts430_eabi.lib : frcmpyd.c.obj (.text:__TI_frcmpyd)
                  0000d202    0000026e                     : mpyd.c.obj (.text:__mspabi_mpyd)
                  0000d470    00000238                     : divd.c.obj (.text:__mspabi_divd)
                  0000d6a8    00000112     sx1276.obj (.text:sx1276_send)
                  0000d7ba    000000e4     sx1276.obj (.text:sx1276_rxchain_calibration)
                  0000d89e    000000da     main.obj (.text:main)
                  0000d978    000000ba     main.obj (.text:rf_init_lora)
                  0000da32    000000b0     sx1276.obj (.text:sx1276_set_tx)
                  0000dae2    000000a0     main.obj (.text:OnRxDone)
                  0000db82    0000008a     rts430_eabi.lib : fltuld.c.obj (.text:__mspabi_fltuld)
                  0000dc0c    0000007c                     : copy_decompress_lzss.c.obj (.text:decompress:lzss:__TI_decompress_lzss)
                  0000dc88    00000074                     : fixdul.c.obj (.text:__mspabi_fixdul)
                  0000dcfc    00000072     sx1276.obj (.text:sx1276_set_modem)
                  0000dd6e    0000006c     uart.obj (.text:uart_printhex32)
                  0000ddda    0000006a     sx1276.obj (.text:sx1276_init)
                  0000de44    0000005c     rts430_eabi.lib : lsr32.asm.obj (.text:l_lsr_const)
                  0000dea0    0000005c     sx1276.obj (.text:sx1276_get_fsk_bandwidthregvalue)
                  0000defc    00000058     rts430_eabi.lib : div32u.asm.obj (.text)
                  0000df54    00000058     sx1276.obj (.text:sx1276_set_channel)
                  0000dfac    00000056     uart.obj (.text:uart_printhex8)
                  0000e002    0000004c     rts430_eabi.lib : lsr16.asm.obj (.text)
                  0000e04e    00000048     mcu.obj (.text:mcu_init)
                  0000e096    00000046     main.obj (.text:SendPing)
                  0000e0dc    00000042     rts430_eabi.lib : autoinit.c.obj (.text:__TI_auto_init_nobinit_nopinit:__TI_auto_init_nobinit_nopinit)
                  0000e11e    0000003e                     : asr32.asm.obj (.text:l_asr_const)
                  0000e15c    0000003e                     : lsl32.asm.obj (.text:l_lsl_const)
                  0000e19a    0000003e     spi.obj (.text:spi_init)
                  0000e1d8    0000003e     sx1276.obj (.text:sx1276_read_buffer)
                  0000e216    0000003a     sx1276.obj (.text:sx1276_write_buffer)
                  0000e250    0000002e     uart.obj (.text:uart_init)
                  0000e27e    0000002c     main.obj (.text:Port_2)
                  0000e2aa    0000002c     rts430_eabi.lib : asr16.asm.obj (.text)
                  0000e2d6    0000002c                     : lsl16.asm.obj (.text)
                  0000e302    0000002c     sx1276.obj (.text:sx1275_reset)
                  0000e32e    00000026     rts430_eabi.lib : mult32.asm.obj (.text)
                  0000e354    00000026     sx1276.obj (.text:sx1276_read)
                  0000e37a    00000024     sx1276.obj (.text:sx1276_write)
                  0000e39e    00000022     mcu.obj (.text:mcu_delayms)
                  0000e3c0    00000020     uart.obj (.text:uart_write)
                  0000e3e0    0000001c     rts430_eabi.lib : boot.c.obj (.text:_c_int00_noargs)
                  0000e3fc    0000001c     sx1276.obj (.text:sx1276_set_opmode)
                  0000e418    00000016     rts430_eabi.lib : div16u.asm.obj (.text)
                  0000e42e    00000014                     : copy_zero_init.c.obj (.text:decompress:ZI:__TI_zero_init_nomemset:__TI_zero_init_nomemset)
                  0000e442    00000014                     : mult16.asm.obj (.text)
                  0000e456    00000012                     : fixdu.c.obj (.text:__mspabi_fixdu)
                  0000e468    00000012                     : copy_decompress_none.c.obj (.text:decompress:none:__TI_decompress_none)
                  0000e47a    00000012                     : lsr32.asm.obj (.text:l_lsr)
                  0000e48c    00000012                     : memcpy.c.obj (.text:memcpy)
                  0000e49e    00000010     mcu.obj (.text:mcu_memcpy1)
                  0000e4ae    00000010     rts430_eabi.lib : epilog.asm.obj (.text)
                  0000e4be    0000000c     spi.obj (.text:spi_recv)
                  0000e4ca    0000000c     sx1276.obj (.text:sx1276_read_fifo)
                  0000e4d6    0000000c     sx1276.obj (.text:sx1276_write_fifo)
                  0000e4e2    0000000c     uart.obj (.text:uart_writec)
                  0000e4ee    0000000a     main.obj (.text:OnRxError)
                  0000e4f8    0000000a     main.obj (.text:OnTxDone)
                  0000e502    0000000a     spi.obj (.text:spi_send)
                  0000e50c    0000000a     spi.obj (.text:spi_transfer)
                  0000e516    00000008     rts430_eabi.lib : isr_trap.asm.obj (.text:_isr:__TI_ISR_TRAP)
                  0000e51e    00000008     spi.obj (.text:spi_rxready)
                  0000e526    00000008     spi.obj (.text:spi_txready)
                  0000e52e    00000006     rts430_eabi.lib : exit.c.obj (.text:abort)
                  0000e534    00000006     spi.obj (.text:spi_chipDisable)
                  0000e53a    00000006     spi.obj (.text:spi_chipEnable)
                  0000e540    00000006     sx1276.obj (.text:sx1276_get_paselect)
                  0000e546    00000004     rts430_eabi.lib : pre_init.c.obj (.text:_system_pre_init)
                  0000e54a    00000002                     : startup.c.obj (.text:_system_post_cinit)

.const     0    0000e54c    00000150     
                  0000e54c    00000084     sx1276.obj (.const:fsk_bandwidths)
                  0000e5d0    00000080     main.obj (.const:.string)
                  0000e650    00000040     sx1276.obj (.const:radio_registers)
                  0000e690    0000000c     sx1276.obj (.const:.string)

.cinit     0    0000e69c    0000001a     
                  0000e69c    00000007     (.cinit..data.load) [load image]
                  0000e6a3    00000001     --HOLE-- [fill = 0]
                  0000e6a4    00000006     (__TI_handler_table)
                  0000e6aa    00000004     (.cinit..bss.load) [load image, compression = zero_init]
                  0000e6ae    00000008     (__TI_cinit_table)

.binit     0    0000c000    00000000     

.init_array 
*          0    0000c000    00000000     UNINITIALIZED

TRAPINT    0    0000ffe0    00000002     
                  0000ffe0    00000002     rts430_eabi.lib : int00.asm.obj (.int00)

PORT1      0    0000ffe4    00000002     
                  0000ffe4    00000002     rts430_eabi.lib : int02.asm.obj (.int02)

PORT2      0    0000ffe6    00000002     
                  0000ffe6    00000002     main.obj (.int03)

ADC10      0    0000ffea    00000002     
                  0000ffea    00000002     rts430_eabi.lib : int05.asm.obj (.int05)

USCIAB0TX 
*          0    0000ffec    00000002     
                  0000ffec    00000002     rts430_eabi.lib : int06.asm.obj (.int06)

USCIAB0RX 
*          0    0000ffee    00000002     
                  0000ffee    00000002     rts430_eabi.lib : int07.asm.obj (.int07)

TIMER0_A1 
*          0    0000fff0    00000002     
                  0000fff0    00000002     rts430_eabi.lib : int08.asm.obj (.int08)

TIMER0_A0 
*          0    0000fff2    00000002     
                  0000fff2    00000002     rts430_eabi.lib : int09.asm.obj (.int09)

WDT        0    0000fff4    00000002     
                  0000fff4    00000002     rts430_eabi.lib : int10.asm.obj (.int10)

COMPARATORA 
*          0    0000fff6    00000002     
                  0000fff6    00000002     rts430_eabi.lib : int11.asm.obj (.int11)

TIMER1_A1 
*          0    0000fff8    00000002     
                  0000fff8    00000002     rts430_eabi.lib : int12.asm.obj (.int12)

TIMER1_A0 
*          0    0000fffa    00000002     
                  0000fffa    00000002     rts430_eabi.lib : int13.asm.obj (.int13)

NMI        0    0000fffc    00000002     
                  0000fffc    00000002     rts430_eabi.lib : int14.asm.obj (.int14)

.reset     0    0000fffe    00000002     
                  0000fffe    00000002     rts430_eabi.lib : boot.c.obj (.reset)

$fill000   0    0000ffde    00000002     
                  0000ffde    00000002     --HOLE-- [fill = ffff]

MODULE SUMMARY

       Module                       code   ro data   rw data
       ------                       ----   -------   -------
    .\
       sx1276.obj                   4194   208       344    
       main.obj                     698    130       48     
       uart.obj                     284    0         0      
       spi.obj                      122    0         1      
       mcu.obj                      122    0         0      
    +--+----------------------------+------+---------+---------+
       Total:                       5420   338       393    
                                                            
    D:\CCS\ccs\tools\compiler\ti-cgt-msp430_20.2.0.LTS\lib\rts430_eabi.lib
       frcdivd.c.obj                1144   0         0      
       frcmpyd.c.obj                646    0         0      
       mpyd.c.obj                   622    0         0      
       divd.c.obj                   568    0         0      
       fltuld.c.obj                 138    0         0      
       copy_decompress_lzss.c.obj   124    0         0      
       fixdul.c.obj                 116    0         0      
       lsr32.asm.obj                110    0         0      
       div32u.asm.obj               88     0         0      
       lsr16.asm.obj                76     0         0      
       autoinit.c.obj               66     0         0      
       asr32.asm.obj                62     0         0      
       lsl32.asm.obj                62     0         0      
       asr16.asm.obj                44     0         0      
       lsl16.asm.obj                44     0         0      
       mult32.asm.obj               38     0         0      
       boot.c.obj                   28     2         0      
       div16u.asm.obj               22     0         0      
       copy_zero_init.c.obj         20     0         0      
       mult16.asm.obj               20     0         0      
       copy_decompress_none.c.obj   18     0         0      
       fixdu.c.obj                  18     0         0      
       memcpy.c.obj                 18     0         0      
       epilog.asm.obj               16     0         0      
       isr_trap.asm.obj             8      0         0      
       exit.c.obj                   6      0         0      
       pre_init.c.obj               4      0         0      
       int00.asm.obj                0      2         0      
       int02.asm.obj                0      2         0      
       int05.asm.obj                0      2         0      
       int06.asm.obj                0      2         0      
       int07.asm.obj                0      2         0      
       int08.asm.obj                0      2         0      
       int09.asm.obj                0      2         0      
       int10.asm.obj                0      2         0      
       int11.asm.obj                0      2         0      
       int12.asm.obj                0      2         0      
       int13.asm.obj                0      2         0      
       int14.asm.obj                0      2         0      
       startup.c.obj                2      0         0      
    +--+----------------------------+------+---------+---------+
       Total:                       4128   26        0      
                                                            
       Stack:                       0      0         80     
       Linker Generated:            0      25        0      
    +--+----------------------------+------+---------+---------+
       Grand Total:                 9548   389       473    


LINKER GENERATED COPY TABLES

__TI_cinit_table @ 0000e6ae records: 2, size/record: 4, table size: 8
	.data: load addr=0000e69c, load size=00000007 bytes, run addr=00000386, run size=00000003 bytes, compression=copy
	.bss: load addr=0000e6aa, load size=00000004 bytes, run addr=00000200, run size=00000186 bytes, compression=zero_init


LINKER GENERATED HANDLER TABLE

__TI_handler_table @ 0000e6a4 records: 3, size/record: 2, table size: 6
	index: 0, handler: __TI_zero_init
	index: 1, handler: __TI_decompress_lzss
	index: 2, handler: __TI_decompress_none


GLOBAL SYMBOLS: SORTED ALPHABETICALLY BY Name 

address   name                          
-------   ----                          
0000004a  ADC10AE0                      
000001b0  ADC10CTL0                     
000001b2  ADC10CTL1                     
00000048  ADC10DTC0                     
00000049  ADC10DTC1                     
000001b4  ADC10MEM                      
000001bc  ADC10SA                       
00000057  BCSCTL1                       
00000058  BCSCTL2                       
00000053  BCSCTL3                       
0000e52e  C$$EXIT                       
00000059  CACTL1                        
0000005a  CACTL2                        
000010fb  CALBC1_12MHZ                  
000010f9  CALBC1_16MHZ                  
000010ff  CALBC1_1MHZ                   
000010fd  CALBC1_8MHZ                   
000010fa  CALDCO_12MHZ                  
000010f8  CALDCO_16MHZ                  
000010fe  CALDCO_1MHZ                   
000010fc  CALDCO_8MHZ                   
0000005b  CAPD                          
00000056  DCOCTL                        
00000128  FCTL1                         
0000012a  FCTL2                         
0000012c  FCTL3                         
00000000  IE1                           
00000001  IE2                           
00000002  IFG1                          
00000003  IFG2                          
0000dae2  OnRxDone                      
0000e4ee  OnRxError                     
0000e4f8  OnTxDone                      
00000022  P1DIR                         
00000025  P1IE                          
00000024  P1IES                         
00000023  P1IFG                         
00000020  P1IN                          
00000021  P1OUT                         
00000027  P1REN                         
00000026  P1SEL                         
00000041  P1SEL2                        
0000002a  P2DIR                         
0000002d  P2IE                          
0000002c  P2IES                         
0000002b  P2IFG                         
00000028  P2IN                          
00000029  P2OUT                         
0000002f  P2REN                         
0000002e  P2SEL                         
00000042  P2SEL2                        
0000001a  P3DIR                         
00000018  P3IN                          
00000019  P3OUT                         
00000010  P3REN                         
0000001b  P3SEL                         
00000043  P3SEL2                        
0000e27e  Port_2                        
0000e096  SendPing                      
00000172  TA0CCR0                       
00000174  TA0CCR1                       
00000176  TA0CCR2                       
00000162  TA0CCTL0                      
00000164  TA0CCTL1                      
00000166  TA0CCTL2                      
00000160  TA0CTL                        
0000012e  TA0IV                         
00000170  TA0R                          
00000192  TA1CCR0                       
00000194  TA1CCR1                       
00000196  TA1CCR2                       
00000182  TA1CCTL0                      
00000184  TA1CCTL1                      
00000186  TA1CCTL2                      
00000180  TA1CTL                        
0000011e  TA1IV                         
00000190  TA1R                          
000010db  TLV_ADC10_1_LEN               
000010da  TLV_ADC10_1_TAG               
000010c0  TLV_CHECKSUM                  
000010f7  TLV_DCO_30_LEN                
000010f6  TLV_DCO_30_TAG                
0000005d  UCA0ABCTL                     
00000062  UCA0BR0                       
00000063  UCA0BR1                       
00000060  UCA0CTL0                      
00000061  UCA0CTL1                      
0000005f  UCA0IRRCTL                    
0000005e  UCA0IRTCTL                    
00000064  UCA0MCTL                      
00000066  UCA0RXBUF                     
00000065  UCA0STAT                      
00000067  UCA0TXBUF                     
0000006a  UCB0BR0                       
0000006b  UCB0BR1                       
00000068  UCB0CTL0                      
00000069  UCB0CTL1                      
0000006c  UCB0I2CIE                     
00000118  UCB0I2COA                     
0000011a  UCB0I2CSA                     
0000006e  UCB0RXBUF                     
0000006d  UCB0STAT                      
0000006f  UCB0TXBUF                     
00000120  WDTCTL                        
00000400  __STACK_END                   
00000050  __STACK_SIZE                  
0000e6ae  __TI_CINIT_Base               
0000e6b6  __TI_CINIT_Limit              
0000e6a4  __TI_Handler_Table_Base       
0000e6aa  __TI_Handler_Table_Limit      
0000e516  __TI_ISR_TRAP                 
0000e0dc  __TI_auto_init_nobinit_nopinit
0000dc0c  __TI_decompress_lzss          
0000e468  __TI_decompress_none          
0000c000  __TI_frcdivd                  
0000cf7c  __TI_frcmpyd                  
0000ffe0  __TI_int00                    
0000ffe4  __TI_int02                    
0000ffe6  __TI_int03                    
0000ffea  __TI_int05                    
0000ffec  __TI_int06                    
0000ffee  __TI_int07                    
0000fff0  __TI_int08                    
0000fff2  __TI_int09                    
0000fff4  __TI_int10                    
0000fff6  __TI_int11                    
0000fff8  __TI_int12                    
0000fffa  __TI_int13                    
0000fffc  __TI_int14                    
ffffffff  __TI_pprof_out_hndl           
ffffffff  __TI_prof_data_size           
ffffffff  __TI_prof_data_start          
0000e42e  __TI_zero_init_nomemset       
ffffffff  __c_args__                    
0000d470  __mspabi_divd                 
0000e418  __mspabi_divu                 
0000defc  __mspabi_divul                
0000e456  __mspabi_fixdu                
0000dc88  __mspabi_fixdul               
0000db82  __mspabi_fltuld               
0000e4ba  __mspabi_func_epilog_1        
0000e4b8  __mspabi_func_epilog_2        
0000e4b6  __mspabi_func_epilog_3        
0000e4b4  __mspabi_func_epilog_4        
0000e4b2  __mspabi_func_epilog_5        
0000e4b0  __mspabi_func_epilog_6        
0000e4ae  __mspabi_func_epilog_7        
0000d202  __mspabi_mpyd                 
0000e442  __mspabi_mpyi                 
0000e442  __mspabi_mpyi_sw              
0000e32e  __mspabi_mpyl                 
0000e32e  __mspabi_mpyl_sw              
0000e418  __mspabi_remu                 
0000defc  __mspabi_remul                
0000e2d6  __mspabi_slli                 
0000e2fe  __mspabi_slli_1               
0000e2ec  __mspabi_slli_10              
0000e2ea  __mspabi_slli_11              
0000e2e8  __mspabi_slli_12              
0000e2e6  __mspabi_slli_13              
0000e2e4  __mspabi_slli_14              
0000e2e2  __mspabi_slli_15              
0000e2fc  __mspabi_slli_2               
0000e2fa  __mspabi_slli_3               
0000e2f8  __mspabi_slli_4               
0000e2f6  __mspabi_slli_5               
0000e2f4  __mspabi_slli_6               
0000e2f2  __mspabi_slli_7               
0000e2f0  __mspabi_slli_8               
0000e2ee  __mspabi_slli_9               
0000e194  __mspabi_slll_1               
0000e170  __mspabi_slll_10              
0000e16c  __mspabi_slll_11              
0000e168  __mspabi_slll_12              
0000e164  __mspabi_slll_13              
0000e160  __mspabi_slll_14              
0000e15c  __mspabi_slll_15              
0000e190  __mspabi_slll_2               
0000e18c  __mspabi_slll_3               
0000e188  __mspabi_slll_4               
0000e184  __mspabi_slll_5               
0000e180  __mspabi_slll_6               
0000e17c  __mspabi_slll_7               
0000e178  __mspabi_slll_8               
0000e174  __mspabi_slll_9               
0000e2aa  __mspabi_srai                 
0000e2d2  __mspabi_srai_1               
0000e2c0  __mspabi_srai_10              
0000e2be  __mspabi_srai_11              
0000e2bc  __mspabi_srai_12              
0000e2ba  __mspabi_srai_13              
0000e2b8  __mspabi_srai_14              
0000e2b6  __mspabi_srai_15              
0000e2d0  __mspabi_srai_2               
0000e2ce  __mspabi_srai_3               
0000e2cc  __mspabi_srai_4               
0000e2ca  __mspabi_srai_5               
0000e2c8  __mspabi_srai_6               
0000e2c6  __mspabi_srai_7               
0000e2c4  __mspabi_srai_8               
0000e2c2  __mspabi_srai_9               
0000e156  __mspabi_sral_1               
0000e132  __mspabi_sral_10              
0000e12e  __mspabi_sral_11              
0000e12a  __mspabi_sral_12              
0000e126  __mspabi_sral_13              
0000e122  __mspabi_sral_14              
0000e11e  __mspabi_sral_15              
0000e152  __mspabi_sral_2               
0000e14e  __mspabi_sral_3               
0000e14a  __mspabi_sral_4               
0000e146  __mspabi_sral_5               
0000e142  __mspabi_sral_6               
0000e13e  __mspabi_sral_7               
0000e13a  __mspabi_sral_8               
0000e136  __mspabi_sral_9               
0000e002  __mspabi_srli                 
0000e048  __mspabi_srli_1               
0000e024  __mspabi_srli_10              
0000e020  __mspabi_srli_11              
0000e01c  __mspabi_srli_12              
0000e018  __mspabi_srli_13              
0000e014  __mspabi_srli_14              
0000e010  __mspabi_srli_15              
0000e044  __mspabi_srli_2               
0000e040  __mspabi_srli_3               
0000e03c  __mspabi_srli_4               
0000e038  __mspabi_srli_5               
0000e034  __mspabi_srli_6               
0000e030  __mspabi_srli_7               
0000e02c  __mspabi_srli_8               
0000e028  __mspabi_srli_9               
0000e47a  __mspabi_srll                 
0000de98  __mspabi_srll_1               
0000de62  __mspabi_srll_10              
0000de5c  __mspabi_srll_11              
0000de56  __mspabi_srll_12              
0000de50  __mspabi_srll_13              
0000de4a  __mspabi_srll_14              
0000de44  __mspabi_srll_15              
0000de92  __mspabi_srll_2               
0000de8c  __mspabi_srll_3               
0000de86  __mspabi_srll_4               
0000de80  __mspabi_srll_5               
0000de7a  __mspabi_srll_6               
0000de74  __mspabi_srll_7               
0000de6e  __mspabi_srll_8               
0000de68  __mspabi_srll_9               
0000e3e0  _c_int00_noargs               
0000fffe  _reset_vector                 
000003b0  _stack                        
0000e54a  _system_post_cinit            
0000e546  _system_pre_init              
0000e52e  abort                         
00000356  buffer                        
0000e54c  fsk_bandwidths                
0000d89e  main                          
0000e39e  mcu_delayms                   
0000e04e  mcu_init                      
0000e49e  mcu_memcpy1                   
0000e48c  memcpy                        
0000e650  radio_registers               
0000d978  rf_init_lora                  
00000388  spi_buf                       
0000e534  spi_chipDisable               
0000e53a  spi_chipEnable                
0000e19a  spi_init                      
0000e4be  spi_recv                      
0000e51e  spi_rxready                   
0000e502  spi_send                      
0000e50c  spi_transfer                  
0000e526  spi_txready                   
00000386  state                         
0000e302  sx1275_reset                  
00000300  sx1276                        
0000ddda  sx1276_init                   
0000cc98  sx1276_on_dio0irq             
0000e354  sx1276_read                   
0000e1d8  sx1276_read_buffer            
0000e4ca  sx1276_read_fifo              
0000d7ba  sx1276_rxchain_calibration    
0000d6a8  sx1276_send                   
0000df54  sx1276_set_channel            
0000dcfc  sx1276_set_modem              
0000e3fc  sx1276_set_opmode             
0000c8c0  sx1276_set_rxconfig           
0000da32  sx1276_set_tx                 
0000c478  sx1276_set_txconfig           
0000e37a  sx1276_write                  
0000e216  sx1276_write_buffer           
0000e4d6  sx1276_write_fifo             
0000e250  uart_init                     
0000dd6e  uart_printhex32               
0000dfac  uart_printhex8                
0000e3c0  uart_write                    
0000e4e2  uart_writec                   


GLOBAL SYMBOLS: SORTED BY Symbol Address 

address   name                          
-------   ----                          
00000000  IE1                           
00000001  IE2                           
00000002  IFG1                          
00000003  IFG2                          
00000010  P3REN                         
00000018  P3IN                          
00000019  P3OUT                         
0000001a  P3DIR                         
0000001b  P3SEL                         
00000020  P1IN                          
00000021  P1OUT                         
00000022  P1DIR                         
00000023  P1IFG                         
00000024  P1IES                         
00000025  P1IE                          
00000026  P1SEL                         
00000027  P1REN                         
00000028  P2IN                          
00000029  P2OUT                         
0000002a  P2DIR                         
0000002b  P2IFG                         
0000002c  P2IES                         
0000002d  P2IE                          
0000002e  P2SEL                         
0000002f  P2REN                         
00000041  P1SEL2                        
00000042  P2SEL2                        
00000043  P3SEL2                        
00000048  ADC10DTC0                     
00000049  ADC10DTC1                     
0000004a  ADC10AE0                      
00000050  __STACK_SIZE                  
00000053  BCSCTL3                       
00000056  DCOCTL                        
00000057  BCSCTL1                       
00000058  BCSCTL2                       
00000059  CACTL1                        
0000005a  CACTL2                        
0000005b  CAPD                          
0000005d  UCA0ABCTL                     
0000005e  UCA0IRTCTL                    
0000005f  UCA0IRRCTL                    
00000060  UCA0CTL0                      
00000061  UCA0CTL1                      
00000062  UCA0BR0                       
00000063  UCA0BR1                       
00000064  UCA0MCTL                      
00000065  UCA0STAT                      
00000066  UCA0RXBUF                     
00000067  UCA0TXBUF                     
00000068  UCB0CTL0                      
00000069  UCB0CTL1                      
0000006a  UCB0BR0                       
0000006b  UCB0BR1                       
0000006c  UCB0I2CIE                     
0000006d  UCB0STAT                      
0000006e  UCB0RXBUF                     
0000006f  UCB0TXBUF                     
00000118  UCB0I2COA                     
0000011a  UCB0I2CSA                     
0000011e  TA1IV                         
00000120  WDTCTL                        
00000128  FCTL1                         
0000012a  FCTL2                         
0000012c  FCTL3                         
0000012e  TA0IV                         
00000160  TA0CTL                        
00000162  TA0CCTL0                      
00000164  TA0CCTL1                      
00000166  TA0CCTL2                      
00000170  TA0R                          
00000172  TA0CCR0                       
00000174  TA0CCR1                       
00000176  TA0CCR2                       
00000180  TA1CTL                        
00000182  TA1CCTL0                      
00000184  TA1CCTL1                      
00000186  TA1CCTL2                      
00000190  TA1R                          
00000192  TA1CCR0                       
00000194  TA1CCR1                       
00000196  TA1CCR2                       
000001b0  ADC10CTL0                     
000001b2  ADC10CTL1                     
000001b4  ADC10MEM                      
000001bc  ADC10SA                       
00000300  sx1276                        
00000356  buffer                        
00000386  state                         
00000388  spi_buf                       
000003b0  _stack                        
00000400  __STACK_END                   
000010c0  TLV_CHECKSUM                  
000010da  TLV_ADC10_1_TAG               
000010db  TLV_ADC10_1_LEN               
000010f6  TLV_DCO_30_TAG                
000010f7  TLV_DCO_30_LEN                
000010f8  CALDCO_16MHZ                  
000010f9  CALBC1_16MHZ                  
000010fa  CALDCO_12MHZ                  
000010fb  CALBC1_12MHZ                  
000010fc  CALDCO_8MHZ                   
000010fd  CALBC1_8MHZ                   
000010fe  CALDCO_1MHZ                   
000010ff  CALBC1_1MHZ                   
0000c000  __TI_frcdivd                  
0000c478  sx1276_set_txconfig           
0000c8c0  sx1276_set_rxconfig           
0000cc98  sx1276_on_dio0irq             
0000cf7c  __TI_frcmpyd                  
0000d202  __mspabi_mpyd                 
0000d470  __mspabi_divd                 
0000d6a8  sx1276_send                   
0000d7ba  sx1276_rxchain_calibration    
0000d89e  main                          
0000d978  rf_init_lora                  
0000da32  sx1276_set_tx                 
0000dae2  OnRxDone                      
0000db82  __mspabi_fltuld               
0000dc0c  __TI_decompress_lzss          
0000dc88  __mspabi_fixdul               
0000dcfc  sx1276_set_modem              
0000dd6e  uart_printhex32               
0000ddda  sx1276_init                   
0000de44  __mspabi_srll_15              
0000de4a  __mspabi_srll_14              
0000de50  __mspabi_srll_13              
0000de56  __mspabi_srll_12              
0000de5c  __mspabi_srll_11              
0000de62  __mspabi_srll_10              
0000de68  __mspabi_srll_9               
0000de6e  __mspabi_srll_8               
0000de74  __mspabi_srll_7               
0000de7a  __mspabi_srll_6               
0000de80  __mspabi_srll_5               
0000de86  __mspabi_srll_4               
0000de8c  __mspabi_srll_3               
0000de92  __mspabi_srll_2               
0000de98  __mspabi_srll_1               
0000defc  __mspabi_divul                
0000defc  __mspabi_remul                
0000df54  sx1276_set_channel            
0000dfac  uart_printhex8                
0000e002  __mspabi_srli                 
0000e010  __mspabi_srli_15              
0000e014  __mspabi_srli_14              
0000e018  __mspabi_srli_13              
0000e01c  __mspabi_srli_12              
0000e020  __mspabi_srli_11              
0000e024  __mspabi_srli_10              
0000e028  __mspabi_srli_9               
0000e02c  __mspabi_srli_8               
0000e030  __mspabi_srli_7               
0000e034  __mspabi_srli_6               
0000e038  __mspabi_srli_5               
0000e03c  __mspabi_srli_4               
0000e040  __mspabi_srli_3               
0000e044  __mspabi_srli_2               
0000e048  __mspabi_srli_1               
0000e04e  mcu_init                      
0000e096  SendPing                      
0000e0dc  __TI_auto_init_nobinit_nopinit
0000e11e  __mspabi_sral_15              
0000e122  __mspabi_sral_14              
0000e126  __mspabi_sral_13              
0000e12a  __mspabi_sral_12              
0000e12e  __mspabi_sral_11              
0000e132  __mspabi_sral_10              
0000e136  __mspabi_sral_9               
0000e13a  __mspabi_sral_8               
0000e13e  __mspabi_sral_7               
0000e142  __mspabi_sral_6               
0000e146  __mspabi_sral_5               
0000e14a  __mspabi_sral_4               
0000e14e  __mspabi_sral_3               
0000e152  __mspabi_sral_2               
0000e156  __mspabi_sral_1               
0000e15c  __mspabi_slll_15              
0000e160  __mspabi_slll_14              
0000e164  __mspabi_slll_13              
0000e168  __mspabi_slll_12              
0000e16c  __mspabi_slll_11              
0000e170  __mspabi_slll_10              
0000e174  __mspabi_slll_9               
0000e178  __mspabi_slll_8               
0000e17c  __mspabi_slll_7               
0000e180  __mspabi_slll_6               
0000e184  __mspabi_slll_5               
0000e188  __mspabi_slll_4               
0000e18c  __mspabi_slll_3               
0000e190  __mspabi_slll_2               
0000e194  __mspabi_slll_1               
0000e19a  spi_init                      
0000e1d8  sx1276_read_buffer            
0000e216  sx1276_write_buffer           
0000e250  uart_init                     
0000e27e  Port_2                        
0000e2aa  __mspabi_srai                 
0000e2b6  __mspabi_srai_15              
0000e2b8  __mspabi_srai_14              
0000e2ba  __mspabi_srai_13              
0000e2bc  __mspabi_srai_12              
0000e2be  __mspabi_srai_11              
0000e2c0  __mspabi_srai_10              
0000e2c2  __mspabi_srai_9               
0000e2c4  __mspabi_srai_8               
0000e2c6  __mspabi_srai_7               
0000e2c8  __mspabi_srai_6               
0000e2ca  __mspabi_srai_5               
0000e2cc  __mspabi_srai_4               
0000e2ce  __mspabi_srai_3               
0000e2d0  __mspabi_srai_2               
0000e2d2  __mspabi_srai_1               
0000e2d6  __mspabi_slli                 
0000e2e2  __mspabi_slli_15              
0000e2e4  __mspabi_slli_14              
0000e2e6  __mspabi_slli_13              
0000e2e8  __mspabi_slli_12              
0000e2ea  __mspabi_slli_11              
0000e2ec  __mspabi_slli_10              
0000e2ee  __mspabi_slli_9               
0000e2f0  __mspabi_slli_8               
0000e2f2  __mspabi_slli_7               
0000e2f4  __mspabi_slli_6               
0000e2f6  __mspabi_slli_5               
0000e2f8  __mspabi_slli_4               
0000e2fa  __mspabi_slli_3               
0000e2fc  __mspabi_slli_2               
0000e2fe  __mspabi_slli_1               
0000e302  sx1275_reset                  
0000e32e  __mspabi_mpyl                 
0000e32e  __mspabi_mpyl_sw              
0000e354  sx1276_read                   
0000e37a  sx1276_write                  
0000e39e  mcu_delayms                   
0000e3c0  uart_write                    
0000e3e0  _c_int00_noargs               
0000e3fc  sx1276_set_opmode             
0000e418  __mspabi_divu                 
0000e418  __mspabi_remu                 
0000e42e  __TI_zero_init_nomemset       
0000e442  __mspabi_mpyi                 
0000e442  __mspabi_mpyi_sw              
0000e456  __mspabi_fixdu                
0000e468  __TI_decompress_none          
0000e47a  __mspabi_srll                 
0000e48c  memcpy                        
0000e49e  mcu_memcpy1                   
0000e4ae  __mspabi_func_epilog_7        
0000e4b0  __mspabi_func_epilog_6        
0000e4b2  __mspabi_func_epilog_5        
0000e4b4  __mspabi_func_epilog_4        
0000e4b6  __mspabi_func_epilog_3        
0000e4b8  __mspabi_func_epilog_2        
0000e4ba  __mspabi_func_epilog_1        
0000e4be  spi_recv                      
0000e4ca  sx1276_read_fifo              
0000e4d6  sx1276_write_fifo             
0000e4e2  uart_writec                   
0000e4ee  OnRxError                     
0000e4f8  OnTxDone                      
0000e502  spi_send                      
0000e50c  spi_transfer                  
0000e516  __TI_ISR_TRAP                 
0000e51e  spi_rxready                   
0000e526  spi_txready                   
0000e52e  C$$EXIT                       
0000e52e  abort                         
0000e534  spi_chipDisable               
0000e53a  spi_chipEnable                
0000e546  _system_pre_init              
0000e54a  _system_post_cinit            
0000e54c  fsk_bandwidths                
0000e650  radio_registers               
0000e6a4  __TI_Handler_Table_Base       
0000e6aa  __TI_Handler_Table_Limit      
0000e6ae  __TI_CINIT_Base               
0000e6b6  __TI_CINIT_Limit              
0000ffe0  __TI_int00                    
0000ffe4  __TI_int02                    
0000ffe6  __TI_int03                    
0000ffea  __TI_int05                    
0000ffec  __TI_int06                    
0000ffee  __TI_int07                    
0000fff0  __TI_int08                    
0000fff2  __TI_int09                    
0000fff4  __TI_int10                    
0000fff6  __TI_int11                    
0000fff8  __TI_int12                    
0000fffa  __TI_int13                    
0000fffc  __TI_int14                    
0000fffe  _reset_vector                 
ffffffff  __TI_pprof_out_hndl           
ffffffff  __TI_prof_data_size           
ffffffff  __TI_prof_data_start          
ffffffff  __c_args__                    

[296 symbols]
